// Jest Snapshot v1, https://goo.gl/fbAQLP

exports[`Loader Component renders correctly 1`] = `
<div
  class="preloader"
>
  <div
    class="loader"
  >
    <div
      class="ytp-spinner"
    >
      <div
        class="ytp-spinner-container"
      >
        <div
          class="ytp-spinner-rotator"
        >
          <div
            class="ytp-spinner-left"
          >
            <div
              class="ytp-spinner-circle"
            />
          </div>
          <div
            class="ytp-spinner-right"
          >
            <div
              class="ytp-spinner-circle"
            />
          </div>
        </div>
      </div>
    </div>
  </div>
</div>
`;
